// Jest Snapshot v1, https://goo.gl/fbAQLP

exports[`MyNavbar should match snapshot 1`] = `
<div>
  <nav
    class="navbar navbar-expand navbar-dark bg-dark"
  >
    <a
      class="mr-5 active nav-link"
      href="/"
    >
      <span
        class="navbar-brand"
      >
        MyMovieDB
      </span>
    </a>
    <div
      class="mr-auto navbar-nav"
    >
      <a
        class="nav-link"
        data-rb-event-key="/movies"
        href="/movies"
      >
        Movie list
      </a>
      <div />
    </div>
    <div
      class="justify-content-end navbar-collapse collapse"
    >
      <a
        class="btn btn-success"
        href="/movies/new"
      >
        + Add movie
      </a>
      <a
        class="btn btn-light"
        href="/login"
      >
        Log in
      </a>
    </div>
  </nav>
</div>
`;
