// Jest Snapshot v1, https://goo.gl/fbAQLP

exports[`UserPage should match snapshot 1`] = `
<div>
  <div
    class="userBoxCard"
  >
    <div
      class="card mb-3"
    >
      <div
        class="row no-gutters"
      >
        <div
          class="ThumbnailImage"
        >
          <img
            alt="User icon"
            class="card-img"
            src="https://cdn4.iconfinder.com/data/icons/user-actions-14/24/user_movie_video_account_profile-512.png"
          />
        </div>
        <div
          class="Button"
        >
          <a
            class="btn btn-primary btn-sm"
            href="/movies"
          >
            Movies
          </a>
        </div>
        <div
          class="col-sm-9"
        >
          <div
            class="userCard"
          >
            <div
              class="card-body"
            >
              <div
                class="userText card-title h5"
              >
                Jan
              </div>
              <div
                class="userText text-muted card-subtitle h6"
              >
                Kowalski
              </div>
              <hr />
              <p
                class="userText card-text"
              >
                jkowal@wp.pl
              </p>
            </div>
          </div>
        </div>
      </div>
    </div>
  </div>
</div>
`;
