// Jest Snapshot v1, https://goo.gl/fbAQLP

exports[`RegisterPage should match snapshot 1`] = `
<div>
  <div
    class="card__container card"
  >
    <div
      class="card__header card-header"
    >
      <h3
        class="card-title"
      >
        Sign up
      </h3>
    </div>
    <div
      class="card-body"
    >
      <form
        class=""
        novalidate=""
      >
        <div
          class="row"
        >
          <div
            class="col"
          >
            <div
              class="form-group"
            >
              <label
                class="form-label"
                for="firstname"
              >
                First name:
              </label>
              <input
                class="form-control"
                id="firstname"
                placeholder="John"
                required=""
                type="text"
                value=""
              />
              <div
                class="invalid-feedback"
              >
                First name must be provided
              </div>
            </div>
          </div>
          <div
            class="col"
          >
            <div
              class="form-group"
            >
              <label
                class="form-label"
                for="lastname"
              >
                Last name:
              </label>
              <input
                class="form-control"
                id="lastname"
                placeholder="Doe"
                required=""
                type="text"
                value=""
              />
              <div
                class="invalid-feedback"
              >
                Last name must be provided
              </div>
            </div>
          </div>
        </div>
        <div
          class="form-group"
        >
          <label
            class="form-label"
            for="email"
          >
            Email:
          </label>
          <input
            class="form-control"
            id="email"
            placeholder="johndoe@example.com"
            required=""
            type="email"
            value=""
          />
          <div
            class="invalid-feedback"
          >
            Correct email must be provided
          </div>
        </div>
        <div
          class="form-group"
        >
          <label
            class="form-label"
            for="password"
          >
            Password:
          </label>
          <input
            class="form-control"
            id="password"
            minlength="8"
            name="password"
            placeholder="Your password"
            required=""
            type="password"
            value=""
          />
          <div
            class="invalid-feedback"
          >
            Password must be at least 8 characters long
          </div>
        </div>
        <div
          class="form-group"
        >
          <label
            class="form-label"
            for="passwordR"
          >
            Repeat password:
          </label>
          <input
            class="form-control"
            id="passwordR"
            minlength="8"
            name="password_R"
            placeholder="Your password again"
            required=""
            type="password"
            value=""
          />
          <div
            class="invalid-feedback"
          >
            Passwords must be equal
          </div>
        </div>
        <div
          class="justify-content-end d-flex"
        >
          <button
            class="btn btn-success"
            type="submit"
          >
            Sign me up!
          </button>
        </div>
        <a
          class="card-link"
          href="/login"
        >
          Already have an account? Sign in!
        </a>
      </form>
    </div>
  </div>
</div>
`;
